// Jest Snapshot v1, https://goo.gl/fbAQLP

exports[`Cart checkout() should return an object with the total and the list items 1`] = `
Object {
  "items": Array [
    Object {
      "product": Object {
        "price": 35388,
        "title": "Adidas running shoes - man",
      },
      "quantity": 3,
    },
    Object {
      "product": Object {
        "price": 41872,
        "title": "Adidas running shoes - woman",
      },
      "quantity": 2,
    },
  ],
  "total": 189908,
}
`;

exports[`Cart summary() should return an object with the total and the list items when summary() is called 1`] = `
Object {
  "items": Array [
    Object {
      "product": Object {
        "price": 35388,
        "title": "Adidas running shoes - man",
      },
      "quantity": 3,
    },
    Object {
      "product": Object {
        "price": 41872,
        "title": "Adidas running shoes - woman",
      },
      "quantity": 2,
    },
  ],
  "total": 189908,
}
`;
